Index: 9
Name: Describe targets
Cmd: export SAKE_USER_CONFIG="$PWD/../user-config.yaml" && go run ../../main.go describe targets
WantErr: false

---
name: all
all: true

--

