Index: 26
Name: Work Dir 3
Cmd: go run ../../main.go run work-dir-3 -q -t reachable
WantErr: false

---

TASKS 

 host               | ref  | ref  
--------------------+------+------
 localhost          | /usr | /etc 
 172.24.2.2         | /usr | /etc 
 172.24.2.4         | /usr | /etc 
 172.24.2.2         | /usr | /etc 
 172.24.2.4         | /usr | /etc 
 172.24.2.2         | /usr | /etc 
 172.24.2.4         | /usr | /etc 
 172.24.2.2         | /usr | /etc 
 172.24.2.3         | /usr | /etc 
 172.24.2.4         | /usr | /etc 
 172.24.2.5         | /usr | /etc 
 172.24.2.6         | /usr | /etc 
 172.24.2.7         | /usr | /etc 
 172.24.2.8         | /usr | /etc 
 172.24.2.9         | /usr | /etc 
 2001:3984:3989::10 | /usr | /etc 
                                                                              
 localhost               ok=2   unreachable=0  ignored=0  failed=0  skipped=0 
 172.24.2.2              ok=2   unreachable=0  ignored=0  failed=0  skipped=0 
 172.24.2.4              ok=2   unreachable=0  ignored=0  failed=0  skipped=0 
 172.24.2.2              ok=2   unreachable=0  ignored=0  failed=0  skipped=0 
 172.24.2.4              ok=2   unreachable=0  ignored=0  failed=0  skipped=0 
 172.24.2.2              ok=2   unreachable=0  ignored=0  failed=0  skipped=0 
 172.24.2.4              ok=2   unreachable=0  ignored=0  failed=0  skipped=0 
 172.24.2.2              ok=2   unreachable=0  ignored=0  failed=0  skipped=0 
 172.24.2.3              ok=2   unreachable=0  ignored=0  failed=0  skipped=0 
 172.24.2.4              ok=2   unreachable=0  ignored=0  failed=0  skipped=0 
 172.24.2.5              ok=2   unreachable=0  ignored=0  failed=0  skipped=0 
 172.24.2.6              ok=2   unreachable=0  ignored=0  failed=0  skipped=0 
 172.24.2.7              ok=2   unreachable=0  ignored=0  failed=0  skipped=0 
 172.24.2.8              ok=2   unreachable=0  ignored=0  failed=0  skipped=0 
 172.24.2.9              ok=2   unreachable=0  ignored=0  failed=0  skipped=0 
 2001:3984:3989::10      ok=2   unreachable=0  ignored=0  failed=0  skipped=0 
------------------------------------------------------------------------------
 Total                   ok=32  unreachable=0  ignored=0  failed=0  skipped=0 

