Index: 25
Name: Work Dir 2
Cmd: go run ../../main.go run work-dir-2 -q -t reachable
WantErr: false

---

TASKS 

 host               | ref  | Override inline ref | Inline     | Override inline 
--------------------+------+---------------------+------------+-----------------
 localhost          | /usr | /opt                | /tmp       | /               
 172.24.2.2         | /usr | /opt                | /home/test | /               
 172.24.2.4         | /usr | /opt                | /home/test | /               
 172.24.2.2         | /usr | /opt                | /home/test | /               
 172.24.2.4         | /usr | /opt                | /home/test | /               
 172.24.2.2         | /usr | /opt                | /home/test | /               
 172.24.2.4         | /usr | /opt                | /home/test | /               
 172.24.2.2         | /usr | /opt                | /home/test | /               
 172.24.2.3         | /usr | /opt                | /home/test | /               
 172.24.2.4         | /usr | /opt                | /home/test | /               
 172.24.2.5         | /usr | /opt                | /home/test | /               
 172.24.2.6         | /usr | /opt                | /home/test | /               
 172.24.2.7         | /usr | /opt                | /home/test | /               
 172.24.2.8         | /usr | /opt                | /home/test | /               
 172.24.2.9         | /usr | /opt                | /home/test | /               
 2001:3984:3989::10 | /usr | /opt                | /home/test | /               
                                                                              
 localhost               ok=4   unreachable=0  ignored=0  failed=0  skipped=0 
 172.24.2.2              ok=4   unreachable=0  ignored=0  failed=0  skipped=0 
 172.24.2.4              ok=4   unreachable=0  ignored=0  failed=0  skipped=0 
 172.24.2.2              ok=4   unreachable=0  ignored=0  failed=0  skipped=0 
 172.24.2.4              ok=4   unreachable=0  ignored=0  failed=0  skipped=0 
 172.24.2.2              ok=4   unreachable=0  ignored=0  failed=0  skipped=0 
 172.24.2.4              ok=4   unreachable=0  ignored=0  failed=0  skipped=0 
 172.24.2.2              ok=4   unreachable=0  ignored=0  failed=0  skipped=0 
 172.24.2.3              ok=4   unreachable=0  ignored=0  failed=0  skipped=0 
 172.24.2.4              ok=4   unreachable=0  ignored=0  failed=0  skipped=0 
 172.24.2.5              ok=4   unreachable=0  ignored=0  failed=0  skipped=0 
 172.24.2.6              ok=4   unreachable=0  ignored=0  failed=0  skipped=0 
 172.24.2.7              ok=4   unreachable=0  ignored=0  failed=0  skipped=0 
 172.24.2.8              ok=4   unreachable=0  ignored=0  failed=0  skipped=0 
 172.24.2.9              ok=4   unreachable=0  ignored=0  failed=0  skipped=0 
 2001:3984:3989::10      ok=4   unreachable=0  ignored=0  failed=0  skipped=0 
------------------------------------------------------------------------------
 Total                   ok=64  unreachable=0  ignored=0  failed=0  skipped=0 

