Index: 33
Name: fatal false
Cmd: export SAKE_USER_CONFIG="$PWD/../user-config.yaml" && go run ../../main.go run fatal -q -t reachable
WantErr: true

---

TASKS 

 host               | fatal                        
--------------------+------------------------------
 localhost          |                              
                    | exit status 1                
 172.24.2.2         |                              
                    | Process exited with status 1 
 172.24.2.4         |                              
                    | Process exited with status 1 
 172.24.2.2         |                              
                    | Process exited with status 1 
 172.24.2.4         |                              
                    | Process exited with status 1 
 172.24.2.2         |                              
                    | Process exited with status 1 
 172.24.2.4         |                              
                    | Process exited with status 1 
 172.24.2.2         |                              
                    | Process exited with status 1 
 172.24.2.3         |                              
                    | Process exited with status 1 
 172.24.2.4         |                              
                    | Process exited with status 1 
 172.24.2.5         |                              
                    | Process exited with status 1 
 172.24.2.6         |                              
                    | Process exited with status 1 
 172.24.2.7         |                              
                    | Process exited with status 1 
 172.24.2.8         |                              
                    | Process exited with status 1 
 172.24.2.9         |                              
                    | Process exited with status 1 
 2001:3984:3989::10 |                              
                    | Process exited with status 1 
                                                                              
 localhost               ok=0  unreachable=0  ignored=0  failed=1   skipped=0 
 172.24.2.2              ok=0  unreachable=0  ignored=0  failed=1   skipped=0 
 172.24.2.4              ok=0  unreachable=0  ignored=0  failed=1   skipped=0 
 172.24.2.2              ok=0  unreachable=0  ignored=0  failed=1   skipped=0 
 172.24.2.4              ok=0  unreachable=0  ignored=0  failed=1   skipped=0 
 172.24.2.2              ok=0  unreachable=0  ignored=0  failed=1   skipped=0 
 172.24.2.4              ok=0  unreachable=0  ignored=0  failed=1   skipped=0 
 172.24.2.2              ok=0  unreachable=0  ignored=0  failed=1   skipped=0 
 172.24.2.3              ok=0  unreachable=0  ignored=0  failed=1   skipped=0 
 172.24.2.4              ok=0  unreachable=0  ignored=0  failed=1   skipped=0 
 172.24.2.5              ok=0  unreachable=0  ignored=0  failed=1   skipped=0 
 172.24.2.6              ok=0  unreachable=0  ignored=0  failed=1   skipped=0 
 172.24.2.7              ok=0  unreachable=0  ignored=0  failed=1   skipped=0 
 172.24.2.8              ok=0  unreachable=0  ignored=0  failed=1   skipped=0 
 172.24.2.9              ok=0  unreachable=0  ignored=0  failed=1   skipped=0 
 2001:3984:3989::10      ok=0  unreachable=0  ignored=0  failed=1   skipped=0 
------------------------------------------------------------------------------
 Total                   ok=0  unreachable=0  ignored=0  failed=16  skipped=0 

exit status 1
