Index: 24
Name: Work Dir 1
Cmd: go run ../../main.go run work-dir-1 -S -t reachable
WantErr: false

---

 server    | ref   | Override inline ref | Inline | Override inline 
-----------+-------+---------------------+--------+-----------------
 localhost | /home | /opt                | /home  | /               
 list-0    | /home | /opt                | /home  | /               
 list-1    | /home | /opt                | /home  | /               
 range-0   | /home | /opt                | /home  | /               
 range-1   | /home | /opt                | /home  | /               
 inv-0     | /home | /opt                | /home  | /               
 inv-1     | /home | /opt                | /home  | /               
 server-1  | /home | /opt                | /home  | /               
 server-2  | /home | /opt                | /home  | /               
 server-3  | /home | /opt                | /home  | /               
 server-4  | /home | /opt                | /home  | /               
 server-5  | /home | /opt                | /home  | /               
 server-6  | /home | /opt                | /home  | /               
 server-7  | /home | /opt                | /home  | /               
 server-8  | /home | /opt                | /home  | /               
 server-9  | /home | /opt                | /home  | /               

