Index: 39
Name: omit_empty false
Cmd: export SAKE_USER_CONFIG="$PWD/../user-config.yaml" && go run ../../main.go run empty -q -t reachable
WantErr: false

---

TASKS 

 host               | empty  
--------------------+--------
 localhost          |        
 172.24.2.2         | Exists 
 172.24.2.4         | Exists 
 172.24.2.2         | Exists 
 172.24.2.4         | Exists 
 172.24.2.2         | Exists 
 172.24.2.4         | Exists 
 172.24.2.2         | Exists 
 172.24.2.3         | Exists 
 172.24.2.4         | Exists 
 172.24.2.5         | Exists 
 172.24.2.6         | Exists 
 172.24.2.7         | Exists 
 172.24.2.8         | Exists 
 172.24.2.9         | Exists 
 2001:3984:3989::10 | Exists 
                                                                              
 localhost               ok=1   unreachable=0  ignored=0  failed=0  skipped=0 
 172.24.2.2              ok=1   unreachable=0  ignored=0  failed=0  skipped=0 
 172.24.2.4              ok=1   unreachable=0  ignored=0  failed=0  skipped=0 
 172.24.2.2              ok=1   unreachable=0  ignored=0  failed=0  skipped=0 
 172.24.2.4              ok=1   unreachable=0  ignored=0  failed=0  skipped=0 
 172.24.2.2              ok=1   unreachable=0  ignored=0  failed=0  skipped=0 
 172.24.2.4              ok=1   unreachable=0  ignored=0  failed=0  skipped=0 
 172.24.2.2              ok=1   unreachable=0  ignored=0  failed=0  skipped=0 
 172.24.2.3              ok=1   unreachable=0  ignored=0  failed=0  skipped=0 
 172.24.2.4              ok=1   unreachable=0  ignored=0  failed=0  skipped=0 
 172.24.2.5              ok=1   unreachable=0  ignored=0  failed=0  skipped=0 
 172.24.2.6              ok=1   unreachable=0  ignored=0  failed=0  skipped=0 
 172.24.2.7              ok=1   unreachable=0  ignored=0  failed=0  skipped=0 
 172.24.2.8              ok=1   unreachable=0  ignored=0  failed=0  skipped=0 
 172.24.2.9              ok=1   unreachable=0  ignored=0  failed=0  skipped=0 
 2001:3984:3989::10      ok=1   unreachable=0  ignored=0  failed=0  skipped=0 
------------------------------------------------------------------------------
 Total                   ok=16  unreachable=0  ignored=0  failed=0  skipped=0 

