Index: 13
Name: Filter by hosts server using server name
Cmd: export SAKE_USER_CONFIG="$PWD/../user-config.yaml" && go run ../../main.go run info -q -s list-1
WantErr: false

---

TASKS 

 host       | OS | Kernel 
------------+----+--------
 172.24.2.4 | OS | kernel 
                                                                     
 172.24.2.4      ok=2  unreachable=0  ignored=0  failed=0  skipped=0 

