Index: 42
Name: Run exec command
Cmd: export SAKE_USER_CONFIG="$PWD/../user-config.yaml" && go run ../../main.go exec 'echo 123' -q -t reachable
WantErr: false

---

TASKS 

 host               | task-0 
--------------------+--------
 localhost          | 123    
 172.24.2.2         | 123    
 172.24.2.4         | 123    
 172.24.2.2         | 123    
 172.24.2.4         | 123    
 172.24.2.2         | 123    
 172.24.2.4         | 123    
 172.24.2.2         | 123    
 172.24.2.3         | 123    
 172.24.2.4         | 123    
 172.24.2.5         | 123    
 172.24.2.6         | 123    
 172.24.2.7         | 123    
 172.24.2.8         | 123    
 172.24.2.9         | 123    
 2001:3984:3989::10 | 123    
                                                                              
 localhost               ok=1   unreachable=0  ignored=0  failed=0  skipped=0 
 172.24.2.2              ok=1   unreachable=0  ignored=0  failed=0  skipped=0 
 172.24.2.4              ok=1   unreachable=0  ignored=0  failed=0  skipped=0 
 172.24.2.2              ok=1   unreachable=0  ignored=0  failed=0  skipped=0 
 172.24.2.4              ok=1   unreachable=0  ignored=0  failed=0  skipped=0 
 172.24.2.2              ok=1   unreachable=0  ignored=0  failed=0  skipped=0 
 172.24.2.4              ok=1   unreachable=0  ignored=0  failed=0  skipped=0 
 172.24.2.2              ok=1   unreachable=0  ignored=0  failed=0  skipped=0 
 172.24.2.3              ok=1   unreachable=0  ignored=0  failed=0  skipped=0 
 172.24.2.4              ok=1   unreachable=0  ignored=0  failed=0  skipped=0 
 172.24.2.5              ok=1   unreachable=0  ignored=0  failed=0  skipped=0 
 172.24.2.6              ok=1   unreachable=0  ignored=0  failed=0  skipped=0 
 172.24.2.7              ok=1   unreachable=0  ignored=0  failed=0  skipped=0 
 172.24.2.8              ok=1   unreachable=0  ignored=0  failed=0  skipped=0 
 172.24.2.9              ok=1   unreachable=0  ignored=0  failed=0  skipped=0 
 2001:3984:3989::10      ok=1   unreachable=0  ignored=0  failed=0  skipped=0 
------------------------------------------------------------------------------
 Total                   ok=16  unreachable=0  ignored=0  failed=0  skipped=0 

