Index: 3
Name: List servers filter on list hosts
Cmd: go run ../../main.go list servers list
WantErr: false

---

 server | host       | desc                  
--------+------------+-----------------------
 list-0 | 172.24.2.2 | many hosts using list 
 list-1 | 172.24.2.4 | many hosts using list 

