Index: 15
Name: Filter by hosts server
Cmd: export SAKE_USER_CONFIG="$PWD/../user-config.yaml" && go run ../../main.go run info -q -s 'list[0:2]'
WantErr: false

---

TASKS 

 host       | OS | Kernel 
------------+----+--------
 172.24.2.2 | OS | kernel 
 172.24.2.4 | OS | kernel 
                                                                     
 172.24.2.2      ok=2  unreachable=0  ignored=0  failed=0  skipped=0 
 172.24.2.4      ok=2  unreachable=0  ignored=0  failed=0  skipped=0 
---------------------------------------------------------------------
 Total           ok=4  unreachable=0  ignored=0  failed=0  skipped=0 

