Index: 31
Name: unreachable false
Cmd: go run ../../main.go run unreachable -S -a
WantErr: true

---

                                                                                              
 Unreachable Hosts                                                                            
                                                                                              
 server      | host            | user | port | error                                          
-------------+-----------------+------+------+------------------------------------------------
 unreachable | unreachable.lan | test | 22   | dial tcp: lookup unreachable.lan: no such host 

exit status 4
