Index: 29
Name: ignore_errors false
Cmd: go run ../../main.go run errors -S -t reachable
WantErr: false

---

 server    | output | output                        | output 
-----------+--------+-------------------------------+--------
 localhost | 123    |                               |        
           |        | exit status 65                |        
 list-0    | 123    |                               |        
           |        | Process exited with status 65 |        
 list-1    | 123    |                               |        
           |        | Process exited with status 65 |        
 range-0   | 123    |                               |        
           |        | Process exited with status 65 |        
 range-1   | 123    |                               |        
           |        | Process exited with status 65 |        
 inv-0     | 123    |                               |        
           |        | Process exited with status 65 |        
 inv-1     | 123    |                               |        
           |        | Process exited with status 65 |        
 server-1  | 123    |                               |        
           |        | Process exited with status 65 |        
 server-2  | 123    |                               |        
           |        | Process exited with status 65 |        
 server-3  | 123    |                               |        
           |        | Process exited with status 65 |        
 server-4  | 123    |                               |        
           |        | Process exited with status 65 |        
 server-5  | 123    |                               |        
           |        | Process exited with status 65 |        
 server-6  | 123    |                               |        
           |        | Process exited with status 65 |        
 server-7  | 123    |                               |        
           |        | Process exited with status 65 |        
 server-8  | 123    |                               |        
           |        | Process exited with status 65 |        
 server-9  | 123    |                               |        
           |        | Process exited with status 65 |        

