Index: 23
Name: Filter by inverting on tag unreachable
Cmd: export SAKE_USER_CONFIG="$PWD/../user-config.yaml" && go run ../../main.go run ping -q -t unreachable -v
WantErr: false

---

TASKS 

 host               | ping 
--------------------+------
 localhost          | pong 
 172.24.2.2         | pong 
 172.24.2.4         | pong 
 172.24.2.2         | pong 
 172.24.2.4         | pong 
 172.24.2.2         | pong 
 172.24.2.4         | pong 
 172.24.2.2         | pong 
 172.24.2.3         | pong 
 172.24.2.4         | pong 
 172.24.2.5         | pong 
 172.24.2.6         | pong 
 172.24.2.7         | pong 
 172.24.2.8         | pong 
 172.24.2.9         | pong 
 2001:3984:3989::10 | pong 
 172.24.2.10        | pong 
 172.24.2.11        | pong 
                                                                              
 localhost               ok=1   unreachable=0  ignored=0  failed=0  skipped=0 
 172.24.2.2              ok=1   unreachable=0  ignored=0  failed=0  skipped=0 
 172.24.2.4              ok=1   unreachable=0  ignored=0  failed=0  skipped=0 
 172.24.2.2              ok=1   unreachable=0  ignored=0  failed=0  skipped=0 
 172.24.2.4              ok=1   unreachable=0  ignored=0  failed=0  skipped=0 
 172.24.2.2              ok=1   unreachable=0  ignored=0  failed=0  skipped=0 
 172.24.2.4              ok=1   unreachable=0  ignored=0  failed=0  skipped=0 
 172.24.2.2              ok=1   unreachable=0  ignored=0  failed=0  skipped=0 
 172.24.2.3              ok=1   unreachable=0  ignored=0  failed=0  skipped=0 
 172.24.2.4              ok=1   unreachable=0  ignored=0  failed=0  skipped=0 
 172.24.2.5              ok=1   unreachable=0  ignored=0  failed=0  skipped=0 
 172.24.2.6              ok=1   unreachable=0  ignored=0  failed=0  skipped=0 
 172.24.2.7              ok=1   unreachable=0  ignored=0  failed=0  skipped=0 
 172.24.2.8              ok=1   unreachable=0  ignored=0  failed=0  skipped=0 
 172.24.2.9              ok=1   unreachable=0  ignored=0  failed=0  skipped=0 
 2001:3984:3989::10      ok=1   unreachable=0  ignored=0  failed=0  skipped=0 
 172.24.2.10             ok=1   unreachable=0  ignored=0  failed=0  skipped=0 
 172.24.2.11             ok=1   unreachable=0  ignored=0  failed=0  skipped=0 
------------------------------------------------------------------------------
 Total                   ok=18  unreachable=0  ignored=0  failed=0  skipped=0 

