Index: 22
Name: output
Cmd: go run ../../main.go run output -t reachable
WantErr: false

---

 Server    | Output      | Output    | Output            
-----------+-------------+-----------+-------------------
 localhost | Hello world | Bye world | Hello again world 
 server-1  | Hello world | Bye world | Hello again world 
 server-2  | Hello world | Bye world | Hello again world 
 server-3  | Hello world | Bye world | Hello again world 
 server-4  | Hello world | Bye world | Hello again world 
 server-5  | Hello world | Bye world | Hello again world 
 server-6  | Hello world | Bye world | Hello again world 
 server-7  | Hello world | Bye world | Hello again world 
 server-8  | Hello world | Bye world | Hello again world 
 server-9  | Hello world | Bye world | Hello again world 

