Index: 4
Name: List servers filter on range hosts
Cmd: go run ../../main.go list servers range
WantErr: false

---

 server  | host       | tags                        | desc                   
---------+------------+-----------------------------+------------------------
 range-0 | 172.24.2.2 | remote,prod,range,reachable | many hosts using range 
 range-1 | 172.24.2.4 | remote,prod,range,reachable | many hosts using range 

