Index: 1
Name: List tasks
Cmd: export SAKE_USER_CONFIG="$PWD/../user-config.yaml" && go run ../../main.go list tasks
WantErr: false

---

 task             | desc                 
------------------+----------------------
 ping             | ping server          
 real-ping        | ping server          
 Host             | print host           
 Hostname         | print hostname       
 OS               | print OS             
 Kernel           | Print kernel version 
 info             | get remote info      
 env              |                      
 env-ref          |                      
 env-complex      |                      
 env-default      |                      
 a                |                      
 b                |                      
 c                |                      
 d                |                      
 ref              |                      
 nested           |                      
 work-dir-1       |                      
 work-dir-2       |                      
 work-dir-3       |                      
 register-1       |                      
 register-2       |                      
 fatal            |                      
 fatal-true       |                      
 errors           |                      
 errors-true      |                      
 unreachable      |                      
 unreachable-true |                      
 empty            |                      
 empty-true       |                      
 output           |                      

