Index: 10
Name: Describe servers
Cmd: export SAKE_USER_CONFIG="$PWD/../user-config.yaml" && go run ../../main.go describe servers
WantErr: false

---

name: localhost
desc: localhost
user: test
host: localhost
port: 22
local: true
work_dir: /tmp
tags: local, reachable

--

name: unreachable
user: test
host: 172.24.2.50
port: 22
tags: unreachable

--

name: list-0
group: list
desc: many hosts using list
user: test
host: 172.24.2.2
port: 22
tags: remote, prod, list, reachable
env: 
    hello: world

--

name: list-1
group: list
desc: many hosts using list
user: test
host: 172.24.2.4
port: 22
tags: remote, prod, list, reachable
env: 
    hello: world

--

name: range-0
group: range
desc: many hosts using range
user: test
host: 172.24.2.2
port: 22
tags: remote, prod, range, reachable
env: 
    hello: world

--

name: range-1
group: range
desc: many hosts using range
user: test
host: 172.24.2.4
port: 22
tags: remote, prod, range, reachable
env: 
    hello: world

--

name: inv-0
group: inv
desc: many hosts using inventory
user: test
host: 172.24.2.2
port: 22
tags: remote, prod, inv, reachable
env: 
    hello: world
    host: 172.24.2.4

--

name: inv-1
group: inv
desc: many hosts using inventory
user: test
host: 172.24.2.4
port: 22
tags: remote, prod, inv, reachable
env: 
    hello: world
    host: 172.24.2.4

--

name: server-1
desc: server-1
user: test
host: 172.24.2.2
port: 22
work_dir: /home/test
tags: remote, prod, reachable
env: 
    host: 172.24.2.2

--

name: server-2
desc: server-2
user: test
host: 172.24.2.3
port: 33
tags: remote, prod, reachable

--

name: server-3
desc: server-3
user: test
host: 172.24.2.4
port: 22
tags: remote, demo, reachable

--

name: server-4
desc: server-4
user: test
host: 172.24.2.5
port: 22
tags: remote, demo, reachable

--

name: server-5
desc: server-5
user: test
host: 172.24.2.6
port: 22
tags: remote, sandbox, reachable

--

name: server-6
desc: server-6
user: test
host: 172.24.2.7
port: 22
tags: remote, sandbox, reachable

--

name: server-7
desc: server-7
user: test
host: 172.24.2.8
port: 22
tags: remote, demo, reachable

--

name: server-8
desc: server-8
user: test
host: 172.24.2.9
port: 22
tags: remote, demo, reachable

--

name: server-9
desc: server-9
user: test
host: 2001:3984:3989::10
port: 22
tags: remote, demo, reachable

--

name: server-10
desc: server-10 desc
user: test
host: 172.24.2.10
port: 22
bastion: test@172.24.2.98:22
work_dir: /tmp
tags: remote, bastion

--

name: server-11
desc: server-11 desc
user: test
host: 172.24.2.11
port: 22
bastions: 
    - test@172.24.2.98:22
    - test@172.24.2.99:22
work_dir: /tmp
tags: remote, bastion

